// Jest Snapshot v1, https://goo.gl/fbAQLP

exports[`renders homepage unchanged 1`] = `
<div>
  <div>
    <h1
      class="title"
    >
      Welcome to NextJS world
    </h1>
    <ul>
      <li>
        HTML
      </li>
      <li>
        CSS
      </li>
      <li>
        JavaScript
      </li>
      <li>
        TypeScript
      </li>
      <li>
        React
      </li>
      <li>
        Node js
      </li>
      <li>
        Next js
      </li>
    </ul>
  </div>
</div>
`;
